[soscrescimento.com.br/index.html]
[backblue.gif]
[fade.gif]
[index.html]
[soscrescimento.com.br/inicio/index.html]
[soscrescimento.com.br/wp-content/uploads/2024/02/bg-web.webp]
[soscrescimento.com.br/wp-includes/css/classic-themes.min4118.css]
[soscrescimento.com.br/wp-content/cache/min/1/wp-content/themes/oceanwp/assets/fonts/fontawesome/css/all.min7161.css]
[soscrescimento.com.br/wp-content/cache/min/1/wp-content/themes/oceanwp/assets/css/third/simple-line-icons.min7161.css]
[soscrescimento.com.br/Firefox/index.html]
[soscrescimento.com.br/wp-content/themes/oceanwp/assets/css/style.minf8ee.css]
[soscrescimento.com.br/wp-content/cache/min/1/wp-content/plugins/elementor/assets/lib/eicons/css/elementor-icons.min7161.css]
[soscrescimento.com.br/feed/index.html]
[soscrescimento.com.br/wp-content/plugins/elementor/assets/css/frontend-lite.mina2f3.css]
[soscrescimento.com.br/wp-content/cache/min/1/wp-content/plugins/elementor/assets/lib/swiper/v8/css/swiper.min7161.css]
[soscrescimento.com.br/wp-content/uploads/elementor/css/post-556fb.css]
[soscrescimento.com.br/wp-content/plugins/elementor-pro/assets/css/frontend-lite.mina2f3.css]
[soscrescimento.com.br/comments/feed/index.html]
[soscrescimento.com.br/wp-content/cache/min/1/wp-content/plugins/elementor/assets/lib/font-awesome/css/all.min7161.css]
[soscrescimento.com.br/wp-content/plugins/elementor/assets/lib/font-awesome/css/v4-shims.mina2f3.css]
[soscrescimento.com.br/wp-content/uploads/elementor/css/global56fb.css]
[soscrescimento.com.br/wp-content/uploads/elementor/css/post-55309c22.css]
[soscrescimento.com.br/wp-content/plugins/wp-rocket/assets/img/youtube.png]
[soscrescimento.com.br/wp-content/plugins/elementor/assets/lib/font-awesome/css/fontawesome.min52d5.css]
[soscrescimento.com.br/wp-content/cache/min/1/wp-content/plugins/elementor/assets/lib/font-awesome/css/solid.min7161.css]
[soscrescimento.com.br/wp-content/cache/min/1/wp-content/plugins/elementor/assets/lib/font-awesome/css/brands.min7161.css]
[soscrescimento.com.br/wp-json/index.html]
[soscrescimento.com.br/wp-json/wp/v2/pages/5530.json]
[soscrescimento.com.br/xmlrpc0db0.php]
[soscrescimento.com.br/wp-includes/wlwmanifest.xml]
[soscrescimento.com.br/wp-json/oembed/1.0/embed0be7.json]
[soscrescimento.com.br/wp-json/oembed/1.0/embed4aa6]
[analytics.tiktok.com/i18n/pixel/events.js]
[soscrescimento.com.br/wp-content/uploads/2021/10/cropped-LOGO-FIVICON-32x32.png]
[soscrescimento.com.br/wp-content/uploads/2021/10/cropped-LOGO-FIVICON-192x192.png]
[soscrescimento.com.br/wp-content/uploads/2021/10/cropped-LOGO-FIVICON-180x180.png]
[soscrescimento.com.br/wp-content/uploads/2024/02/logo-lizzante-oficial.png]
[soscrescimento.com.br/wp-content/uploads/2024/02/imagem-site-2024-2.png]
[soscrescimento.com.br/wp-content/plugins/elementor/assets/css/widget-icon-list.min.css]
[soscrescimento.com.br/wp-content/uploads/2024/02/WhatsApp-Image-2022-08-16-at-14.27.06.jpg]
[soscrescimento.com.br/wp-content/uploads/2024/02/WhatsApp-Image-2022-08-16-at-14.27.07.jpg]
[soscrescimento.com.br/wp-content/uploads/2024/02/WhatsApp-Image-2022-08-16-at-14.27.08-1.jpg]
[soscrescimento.com.br/wp-content/uploads/2024/02/WhatsApp-Image-2022-08-16-at-14.27.08.jpg]
[soscrescimento.com.br/wp-content/uploads/2024/02/WhatsApp-Image-2022-08-16-at-14.27.09.jpg]
[soscrescimento.com.br/wp-content/uploads/2024/02/WhatsApp-Image-2022-08-16-at-14.31.30.jpg]
[soscrescimento.com.br/wp-content/plugins/elementor/assets/css/widget-icon-box.min.css]
[soscrescimento.com.br/wp-content/uploads/2024/02/lizz-ante-sos-crescimento-banner-anvisa-mobile.png]
[soscrescimento.com.br/wp-content/uploads/2024/02/lizz-ante-sos-crescimento-banner-anvisa-desktop-1536x211.png]
[soscrescimento.com.br/wp-content/uploads/2024/02/r7-soscrescimento.png]
[soscrescimento.com.br/wp-content/uploads/2024/02/estadao-soscrescimento.png]
[soscrescimento.com.br/wp-content/uploads/2024/02/agencia-oglobo-soscrescimento.png]
[soscrescimento.com.br/wp-content/uploads/2024/02/Frame-44330-1.webp]
[soscrescimento.com.br/wp-content/uploads/2024/02/ert-1024x880.png]
[soscrescimento.com.br/wp-content/uploads/elementor/thumbs/WhatsApp-Image-2022-03-17-at-21.13.43-qk58zxqrnm6xcqfd03ngi9i0m3y3knkpbtmzmgnc44.jpg]
[soscrescimento.com.br/wp-content/uploads/elementor/thumbs/Screenshot_20211008_081644-qk58zyolug87ocdzum232r9h7htgscofnyah3qlxxw.jpg]
[soscrescimento.com.br/wp-content/uploads/elementor/thumbs/Screenshot_20211007_154731-qk58zzmg1a9hzycmp4gpn90xsvou01s602xyl0kjro.jpg]
[soscrescimento.com.br/wp-content/uploads/elementor/thumbs/Screenshot_20211007_103641-qk58zzmg1a9hzycmp4gpn90xsvou01s602xyl0kjro.jpg]
[soscrescimento.com.br/wp-content/uploads/elementor/thumbs/Screenshot_20211007_165918-qk5900ka84asbkb9jmvc7qsee9k77qvwc7lg2aj5lg.jpg]
[soscrescimento.com.br/wp-content/uploads/elementor/thumbs/Screenshot_20211006_172041-qk5901i4eyc2n69we59ys8juznfkffzmoc8xjkhrf8.jpg]
[soscrescimento.com.br/wp-content/uploads/elementor/thumbs/Screenshot_20211007_100401-qk5901i4eyc2n69we59ys8juznfkffzmoc8xjkhrf8.jpg]
[soscrescimento.com.br/wp-content/uploads/elementor/thumbs/Picsart_22-04-30_20-14-32-955-scaled-1-qk5902fylsdcys8j8nolcqbbl1axn53d0gwf0ugd90.jpg]
[soscrescimento.com.br/wp-content/uploads/elementor/thumbs/WhatsApp-Image-2022-08-19-at-10.02.46-qk59059h6ah7xm4fs6wh27lpd6x1a8ek0uuvgoc6qc.jpg]
[soscrescimento.com.br/wp-content/uploads/elementor/thumbs/WhatsApp-Image-2022-08-19-at-09.47.35-qk59059h6ah7xm4fs6wh27lpd6x1a8ek0uuvgoc6qc.jpg]
[soscrescimento.com.br/wp-content/plugins/elementor-pro/assets/css/widget-carousel.min8b9b.css]
[soscrescimento.com.br/wp-content/uploads/2024/02/lizz-ante-capa-videos-bruna.jpg]
[soscrescimento.com.br/wp-content/uploads/2024/02/lizz-ante-capa-videos-monalisa.jpg]
[soscrescimento.com.br/wp-content/uploads/2024/02/lizz-ante-capa-videos-jacquelline.jpg]
[soscrescimento.com.br/wp-content/uploads/2024/02/lizz-ante-capa-videos-jenny.jpg]
[soscrescimento.com.br/wp-content/uploads/2024/02/medicos-scaled-1-1024x576.jpg]
[soscrescimento.com.br/wp-content/uploads/2024/02/checkout-4-540x1000-1.webp]
[soscrescimento.com.br/wp-content/uploads/2024/02/checkout-3-540x1000-1.webp]
[soscrescimento.com.br/wp-content/uploads/2024/02/checkout-2-540x1000-1.webp]
[soscrescimento.com.br/wp-content/uploads/2024/02/checkout-1-540x1000-1.webp]
[soscrescimento.com.br/wp-content/uploads/elementor/thumbs/logo-whatsapp-1024-qk590bu93c1zvrdpg4gzuxfh4c9nk8f1s558p59t60.png]
[soscrescimento.com.br/wp-content/uploads/2024/02/garantia-60dbr-1024x886-1.png]
[soscrescimento.com.br/wp-content/uploads/2024/02/cropped-logo-lizzante-oficial.png]
[soscrescimento.com.br/wp-content/uploads/2024/02/pagamento-icone-soscrescimento.png]
[soscrescimento.com.br/wp-content/uploads/2024/02/site-seguro-lizzante-soscrescimento.png]
[soscrescimento.com.br/wp-content/plugins/elementor/assets/lib/animations/animations.mina2f3.css]
[soscrescimento.com.br/wp-content/plugins/wp-rocket/assets/js/lazyload/17.8.3/lazyload.min.js]
[soscrescimento.com.br/index.html]
[soscrescimento.com.br/wp-content/uploads/elementor/css/post-11173d30.css]
[soscrescimento.com.br/inicio/Firefox/index.html]
[soscrescimento.com.br/wp-json/wp/v2/pages/1117.json]
[soscrescimento.com.br/wp-json/oembed/1.0/embedac13.json]
[soscrescimento.com.br/wp-json/oembed/1.0/embed381d]
[soscrescimento.com.br/wp-content/uploads/2022/02/cropped-logo-lizzante-oficial.png]
[soscrescimento.com.br/wp-content/uploads/2022/10/Produto-lizzante-1.png]
[soscrescimento.com.br/wp-content/uploads/2022/08/WhatsApp-Image-2022-08-16-at-14.27.08-300x300.jpg]
[soscrescimento.com.br/wp-content/uploads/2022/08/WhatsApp-Image-2022-08-16-at-14.27.06-300x300.jpg]
[soscrescimento.com.br/wp-content/uploads/2022/08/WhatsApp-Image-2022-08-16-at-14.27.09-300x300.jpg]
[soscrescimento.com.br/wp-content/uploads/2022/08/WhatsApp-Image-2022-08-16-at-14.27.07-300x300.jpg]
[soscrescimento.com.br/wp-content/uploads/2022/08/WhatsApp-Image-2022-08-16-at-14.27.08-1-300x300.jpg]
[soscrescimento.com.br/wp-content/uploads/2022/08/WhatsApp-Image-2022-08-16-at-14.31.30-300x300.jpg]
[soscrescimento.com.br/wp-content/uploads/2022/06/lizz-ante-sos-crescimento-banner-anvisa-mobile.png]
[soscrescimento.com.br/wp-content/uploads/2022/06/lizz-ante-sos-crescimento-banner-anvisa-desktop-1536x211.png]
[soscrescimento.com.br/wp-content/uploads/2022/05/r7-soscrescimento.png]
[soscrescimento.com.br/wp-content/uploads/2022/05/estadao-soscrescimento.png]
[soscrescimento.com.br/wp-content/uploads/2022/05/agencia-oglobo-soscrescimento.png]
[soscrescimento.com.br/wp-content/uploads/elementor/thumbs/WhatsApp-Image-2022-03-17-at-21.13.43-purgsk89hcwrzp1yc8pnxi23sxdw4t2bwc3ahprcic.jpg]
[soscrescimento.com.br/wp-content/uploads/elementor/thumbs/Screenshot_20211008_081644-pgjwzjsv6ub9msj7q8m11f7k8z9cis1jge1tasisk4.jpg]
[soscrescimento.com.br/wp-content/uploads/elementor/thumbs/Screenshot_20211007_154731-pgjwx77e3r3glvy3g81lt0k2sauba0pp4rc43w0844.jpg]
[soscrescimento.com.br/wp-content/uploads/elementor/thumbs/Screenshot_20211007_103641-pgjwx2i75kx0zu4x7o0gyjqrtdhh7j71g42opi76z8.jpg]
[soscrescimento.com.br/wp-content/uploads/elementor/thumbs/Screenshot_20211007_165918-pgjwwoemb2dq5opehzx2f5auwlez02n2e6aeics3kk.jpg]
[soscrescimento.com.br/wp-content/uploads/elementor/thumbs/Screenshot_20211006_172041-pgjwwr84vkhl4ilb1j4y4ml8or12n5y9ek8uy6nx1w.jpg]
[soscrescimento.com.br/wp-content/uploads/elementor/thumbs/Screenshot_20211007_100401-pgjwwxt07eqldsbqz3zc42xgug4n51odrgt9b4e5uc.jpg]
[soscrescimento.com.br/wp-content/uploads/elementor/thumbs/Picsart_22-04-30_20-14-32-955-scaled-purgrwqaqi0lxg035gjzp5zkyalpsdh1h3s5hsq6tw.jpg]
[soscrescimento.com.br/wp-content/uploads/elementor/thumbs/WhatsApp-Image-2022-08-19-at-10.02.46-purgjnpaquq00nzjbw5vt8xx8j9q80pv09mpucylg4.jpg]
[soscrescimento.com.br/wp-content/uploads/elementor/thumbs/WhatsApp-Image-2022-08-19-at-09.47.35-purgjpkz4isknvwt0wz4y8gufb0gnexboixoswvt3o.jpg]
[soscrescimento.com.br/wp-content/uploads/2022/03/lizz-ante-capa-videos-bruna.jpg]
[soscrescimento.com.br/wp-content/uploads/2022/03/lizz-ante-capa-videos-monalisa.jpg]
[soscrescimento.com.br/wp-content/uploads/2022/03/lizz-ante-capa-videos-jacquelline.jpg]
[soscrescimento.com.br/wp-content/uploads/2022/03/lizz-ante-capa-videos-jenny.jpg]
[soscrescimento.com.br/wp-content/uploads/2022/10/medicos-1024x576.jpg]
[soscrescimento.com.br/wp-content/uploads/2022/08/lizzante_sos_crescimento_produto_kit_01.jpg]
[soscrescimento.com.br/wp-content/uploads/2022/03/lizz-ante-frete-gratis0-300x66.png]
[soscrescimento.com.br/wp-content/uploads/2022/03/lizz-ante-produtos-lizz-ante-produtos-kit-2-brinde.jpg]
[soscrescimento.com.br/wp-content/uploads/2022/08/lizzante_sos_crescimento_produto_kit_03.jpg]
[soscrescimento.com.br/wp-content/uploads/elementor/thumbs/logo-whatsapp-1024-pvhb4mwi84d1ijgxvq8ob5nanjgrtmke13dpb5xk2w.png]
[soscrescimento.com.br/wp-content/uploads/2021/11/garantia-60dbr-1024x886-1.png]
[soscrescimento.com.br/wp-content/uploads/2022/03/pagamento-icone-soscrescimento.png]
[soscrescimento.com.br/wp-content/uploads/2022/03/site-seguro-lizzante-soscrescimento.png]
[soscrescimento.com.br/wp-content/uploads/elementor/css/post-1777b9ed.css]
[soscrescimento.com.br/wp-content/uploads/elementor/css/post-1789b9ed.css]
[soscrescimento.com.br/wp-content/uploads/elementor/css/post-1792b9ed.css]
[soscrescimento.com.br/wp-content/uploads/elementor/css/post-1795b9ed.css]
[soscrescimento.com.br/wp-content/uploads/elementor/css/post-1798b9ed.css]
[soscrescimento.com.br/inicio/index.html]
[soscrescimento.com.br/wp-content/plugins/wp-rocket/assets/js/lcp-beacon.min.js]
[soscrescimento.com.br/Firefox/index.html]
[soscrescimento.com.br/wp-includes/css/classic-themes.min4118.css]
[soscrescimento.com.br/wp-content/themes/oceanwp/assets/fonts/fontawesome/webfonts/fa-brands-400.woff2]
[soscrescimento.com.br/wp-content/themes/oceanwp/assets/fonts/fontawesome/webfonts/fa-brands-400.ttf]
[soscrescimento.com.br/wp-content/themes/oceanwp/assets/fonts/fontawesome/webfonts/fa-regular-400.woff2]
[soscrescimento.com.br/wp-content/themes/oceanwp/assets/fonts/fontawesome/webfonts/fa-regular-400.ttf]
[soscrescimento.com.br/wp-content/themes/oceanwp/assets/fonts/fontawesome/webfonts/fa-solid-900.woff2]
[soscrescimento.com.br/wp-content/themes/oceanwp/assets/fonts/fontawesome/webfonts/fa-solid-900.ttf]
[soscrescimento.com.br/wp-content/themes/oceanwp/assets/fonts/fontawesome/webfonts/fa-v4compatibility.woff2]
[soscrescimento.com.br/wp-content/themes/oceanwp/assets/fonts/fontawesome/webfonts/fa-v4compatibility.ttf]
[soscrescimento.com.br/wp-content/cache/min/1/wp-content/themes/oceanwp/assets/fonts/fontawesome/css/all.min7161.css]
[soscrescimento.com.br/wp-content/themes/oceanwp/assets/fonts/simple-line-icons/Simple-Line-Iconsb26c.eot]
[soscrescimento.com.br/wp-content/themes/oceanwp/assets/fonts/simple-line-icons/Simple-Line-Iconsb26c.woff2]
[soscrescimento.com.br/wp-content/themes/oceanwp/assets/fonts/simple-line-icons/Simple-Line-Iconsb26c.ttf]
[soscrescimento.com.br/wp-content/themes/oceanwp/assets/fonts/simple-line-icons/Simple-Line-Iconsb26c.woff]
[soscrescimento.com.br/wp-content/cache/min/1/wp-content/themes/oceanwp/assets/css/third/simple-line-icons.min7161.css]
[soscrescimento.com.br/wp-content/themes/oceanwp/assets/css/style.minf8ee.css]
[soscrescimento.com.br/wp-content/plugins/elementor/assets/lib/eicons/fonts/eiconsc63f.eot]
[soscrescimento.com.br/wp-content/plugins/elementor/assets/lib/eicons/fonts/eiconsc63f.woff2]
[soscrescimento.com.br/wp-content/plugins/elementor/assets/lib/eicons/fonts/eiconsc63f.woff]
[soscrescimento.com.br/wp-content/plugins/elementor/assets/lib/eicons/fonts/eiconsc63f.ttf]
[soscrescimento.com.br/wp-content/cache/min/1/wp-content/plugins/elementor/assets/lib/eicons/css/elementor-icons.min7161.css]
[soscrescimento.com.br/wp-content/plugins/elementor/assets/css/frontend-lite.mina2f3.css]
[soscrescimento.com.br/wp-content/cache/min/1/wp-content/plugins/elementor/assets/lib/swiper/v8/css/swiper.min7161.css]
[soscrescimento.com.br/wp-content/uploads/elementor/css/post-556fb.css]
[soscrescimento.com.br/wp-content/plugins/elementor-pro/assets/css/frontend-lite.mina2f3.css]
[soscrescimento.com.br/wp-content/plugins/elementor/assets/lib/font-awesome/webfonts/fa-brands-400.eot]
[soscrescimento.com.br/wp-content/plugins/elementor/assets/lib/font-awesome/webfonts/fa-brands-400d41d.eot]
[soscrescimento.com.br/wp-content/plugins/elementor/assets/lib/font-awesome/webfonts/fa-brands-400.woff2]
[soscrescimento.com.br/wp-content/plugins/elementor/assets/lib/font-awesome/webfonts/fa-brands-400.woff]
[soscrescimento.com.br/wp-content/plugins/elementor/assets/lib/font-awesome/webfonts/fa-brands-400.ttf]
[soscrescimento.com.br/wp-content/plugins/elementor/assets/lib/font-awesome/webfonts/fa-regular-400.eot]
[soscrescimento.com.br/wp-content/plugins/elementor/assets/lib/font-awesome/webfonts/fa-regular-400d41d.eot]
[soscrescimento.com.br/wp-content/plugins/elementor/assets/lib/font-awesome/webfonts/fa-regular-400.woff2]
[soscrescimento.com.br/wp-content/plugins/elementor/assets/lib/font-awesome/webfonts/fa-regular-400.woff]
[soscrescimento.com.br/wp-content/plugins/elementor/assets/lib/font-awesome/webfonts/fa-regular-400.ttf]
[soscrescimento.com.br/wp-content/plugins/elementor/assets/lib/font-awesome/webfonts/fa-solid-900.eot]
[soscrescimento.com.br/wp-content/plugins/elementor/assets/lib/font-awesome/webfonts/fa-solid-900d41d.eot]
[soscrescimento.com.br/wp-content/plugins/elementor/assets/lib/font-awesome/webfonts/fa-solid-900.woff2]
[soscrescimento.com.br/wp-content/plugins/elementor/assets/lib/font-awesome/webfonts/fa-solid-900.woff]
[soscrescimento.com.br/wp-content/plugins/elementor/assets/lib/font-awesome/webfonts/fa-solid-900.ttf]
[soscrescimento.com.br/wp-content/cache/min/1/wp-content/plugins/elementor/assets/lib/font-awesome/css/all.min7161.css]
[soscrescimento.com.br/wp-content/plugins/elementor/assets/lib/font-awesome/css/v4-shims.mina2f3.css]
[soscrescimento.com.br/wp-content/uploads/elementor/css/global56fb.css]
[soscrescimento.com.br/wp-content/uploads/2024/02/background-secao-lizzante-1-1.jpg]
[soscrescimento.com.br/wp-content/uploads/2023/03/mobile-bg.webp]
[soscrescimento.com.br/wp-content/uploads/2022/10/redground-1.jpg]
[soscrescimento.com.br/wp-content/uploads/elementor/css/post-55309c22.css]
[soscrescimento.com.br/wp-content/plugins/elementor/assets/lib/font-awesome/css/fontawesome.min52d5.css]
[soscrescimento.com.br/wp-content/cache/min/1/wp-content/plugins/elementor/assets/lib/font-awesome/css/solid.min7161.css]
[soscrescimento.com.br/wp-content/cache/min/1/wp-content/plugins/elementor/assets/lib/font-awesome/css/brands.min7161.css]
[www.googletagmanager.com/gtm5445.html]
[soscrescimento.com.br/wp-content/uploads/2024/02/selo-compra-segura.svg]
[soscrescimento.com.br/wp-content/plugins/elementor/assets/css/widget-icon-list.min.css]
[soscrescimento.com.br/wp-content/plugins/elementor/assets/css/widget-icon-box.min.css]
[soscrescimento.com.br/wp-content/uploads/2024/02/selo-compra-segura-cinza.svg]
[soscrescimento.com.br/wp-content/plugins/elementor-pro/assets/css/widget-carousel.min8b9b.css]
[soscrescimento.com.br/wp-content/plugins/elementor/assets/lib/animations/animations.mina2f3.css]
[i.ytimg.com/vi/ID/hqdefault.jpg]
[soscrescimento.com.br/inicio/Firefox/index.html]
[soscrescimento.com.br/wp-content/uploads/2022/03/background-secao-lizzante-1-1.jpg]
[soscrescimento.com.br/wp-content/uploads/2022/08/lizzante_sos_crescimento_background_site01-2.jpg]
[soscrescimento.com.br/wp-content/uploads/elementor/css/post-11173d30.css]
[soscrescimento.com.br/index9e99.html]
[soscrescimento.com.br/wp-content/uploads/2022/03/selo-compra-segura.svg]
[soscrescimento.com.br/wp-content/uploads/2022/03/selo-compra-segura-cinza.svg]
[soscrescimento.com.br/wp-content/uploads/elementor/css/post-1777b9ed.css]
[soscrescimento.com.br/wp-content/uploads/elementor/css/post-1789b9ed.css]
[soscrescimento.com.br/wp-content/uploads/elementor/css/post-1792b9ed.css]
[soscrescimento.com.br/wp-content/uploads/elementor/css/post-1795b9ed.css]
[soscrescimento.com.br/wp-content/uploads/elementor/css/post-1798b9ed.css]
[soscrescimento.com.br/wp-content/themes/oceanwp/assets/fonts/simple-line-icons/Simple-Line-Iconsb26c.svg]
[soscrescimento.com.br/wp-content/plugins/elementor/assets/lib/eicons/fonts/eiconsc63f.svg]
[soscrescimento.com.br/wp-content/plugins/elementor/assets/lib/font-awesome/webfonts/fa-brands-400.svg]
[soscrescimento.com.br/wp-content/plugins/elementor/assets/lib/font-awesome/webfonts/fa-regular-400.svg]
[soscrescimento.com.br/wp-content/plugins/elementor/assets/lib/font-awesome/webfonts/fa-solid-900.svg]
